<html>
<body>
<pre>
<h1>µVision Build Log</h1>
<h2>Tool Versions:</h2>
IDE-Version: ¦ÌVision V5.38.0.0
Copyright (C) 2022 ARM Ltd and ARM Germany GmbH. All rights reserved.
License Information: 1 11, 1, LIC=HN0AE-54MER-II35V-PZWMJ-8EHBG-S5H77
 
Tool Versions:
Toolchain:       MDK-ARM Plus  Version: 5.42.0.0
Toolchain Path:  D:\Keil5\ARM\ARMCLANG\Bin
C Compiler:      ArmClang.exe V6.23
Assembler:       Armasm.exe V6.23
Linker/Locator:  ArmLink.exe V6.23
Library Manager: ArmAr.exe V6.23
Hex Converter:   FromElf.exe V6.23
CPU DLL:         SARMCM3.DLL V5.42.0.0
Dialog DLL:      DCM.DLL V1.17.5.0
Target DLL:      CMSIS_AGDI.dll V1.33.22.0
Dialog DLL:      TCM.DLL V1.56.6.0
 
<h2>Project:</h2>
F:\MCU\Project__X\Project_1\Project\project.uvprojx
Project File Date:  02/13/2026

<h2>Output:</h2>
*** Using Compiler 'V6.23', folder: 'D:\Keil5\ARM\ARMCLANG\Bin'
Rebuild target 's'
compiling gd32f4xx_it.c...
compiling gd32f4xx_misc.c...
compiling systick.c...
compiling main.c...
compiling system_gd32f4xx.c...
assembling startup_gd32f407_427.s...
compiling gd32f4xx_gpio.c...
compiling gd32f4xx_rcu.c...
linking...
Program Size: Code=1104 RO-data=424 RW-data=4 ZI-data=1036  
FromELF: creating hex file...
".\Objects\project.axf" - 0 Error(s), 0 Warning(s).

<h2>Software Packages used:</h2>

Package Vendor: GigaDevice
                https://gd32mcu.com/GigaDevice.GD32F4xx_DFP.3.3.0.pack
                GigaDevice.GD32F4xx_DFP.3.3.0
                GigaDevice GD32F4xx Series Device Support and Examples

<h2>Collection of Component include folders:</h2>
  D:/Keil5/Pack/GigaDevice/GD32F4xx_DFP/3.3.0/Device/F4XX/Include

<h2>Collection of Component Files used:</h2>
Build Time Elapsed:  00:00:00
</pre>
</body>
</html>
